[root@server ~]# tar -xzvf archive.tar.gz 
zpoolexport/
zpoolexport/filea
zpoolexport/fileb
[root@server ~]# zpool import -d zpoolexport/
   pool: otus
     id: 6554193320433390805
  state: ONLINE
status: Some supported features are not enabled on the pool.
 action: The pool can be imported using its name or numeric identifier, though
	some features will not be available without an explicit 'zpool upgrade'.
 config:

	otus                         ONLINE
	  mirror-0                   ONLINE
	    /root/zpoolexport/filea  ONLINE
	    /root/zpoolexport/fileb  ONLINE
[root@server ~]# zpool import -d zpoolexport/ otus
[root@server ~]# zpool status
  pool: otus
 state: ONLINE
status: Some supported features are not enabled on the pool. The pool can
	still be used, but some features are unavailable.
action: Enable all features using 'zpool upgrade'. Once this is done,
	the pool may no longer be accessible by software that does not support
	the features. See zpool-features(5) for details.
config:

	NAME                         STATE     READ WRITE CKSUM
	otus                         ONLINE       0     0     0
	  mirror-0                   ONLINE       0     0     0
	    /root/zpoolexport/filea  ONLINE       0     0     0
	    /root/zpoolexport/fileb  ONLINE       0     0     0

errors: No known data errors

  pool: otus1
 state: ONLINE
config:

	NAME        STATE     READ WRITE CKSUM
	otus1       ONLINE       0     0     0
	  mirror-0  ONLINE       0     0     0
	    sdb     ONLINE       0     0     0
	    sdc     ONLINE       0     0     0

errors: No known data errors

  pool: otus2
 state: ONLINE
config:

	NAME        STATE     READ WRITE CKSUM
	otus2       ONLINE       0     0     0
	  mirror-0  ONLINE       0     0     0
	    sdd     ONLINE       0     0     0
	    sde     ONLINE       0     0     0

errors: No known data errors

  pool: otus3
 state: ONLINE
config:

	NAME        STATE     READ WRITE CKSUM
	otus3       ONLINE       0     0     0
	  mirror-0  ONLINE       0     0     0
	    sdf     ONLINE       0     0     0
	    sdg     ONLINE       0     0     0

errors: No known data errors

  pool: otus4
 state: ONLINE
config:

	NAME        STATE     READ WRITE CKSUM
	otus4       ONLINE       0     0     0
	  mirror-0  ONLINE       0     0     0
	    sdh     ONLINE       0     0     0
	    sdi     ONLINE       0     0     0

errors: No known data errors
[root@server ~]# zpool get all otus
NAME  PROPERTY                       VALUE                          SOURCE
otus  size                           480M                           -
otus  capacity                       0%                             -
otus  altroot                        -                              default
otus  health                         ONLINE                         -
otus  guid                           6554193320433390805            -
otus  version                        -                              default
otus  bootfs                         -                              default
otus  delegation                     on                             default
otus  autoreplace                    off                            default
otus  cachefile                      -                              default
otus  failmode                       wait                           default
otus  listsnapshots                  off                            default
otus  autoexpand                     off                            default
otus  dedupratio                     1.00x                          -
otus  free                           478M                           -
otus  allocated                      2.09M                          -
otus  readonly                       off                            -
otus  ashift                         0                              default
otus  comment                        -                              default
otus  expandsize                     -                              -
otus  freeing                        0                              -
otus  fragmentation                  0%                             -
otus  leaked                         0                              -
otus  multihost                      off                            default
otus  checkpoint                     -                              -
otus  load_guid                      7146945927239192481            -
otus  autotrim                       off                            default
otus  feature@async_destroy          enabled                        local
otus  feature@empty_bpobj            active                         local
otus  feature@lz4_compress           active                         local
otus  feature@multi_vdev_crash_dump  enabled                        local
otus  feature@spacemap_histogram     active                         local
otus  feature@enabled_txg            active                         local
otus  feature@hole_birth             active                         local
otus  feature@extensible_dataset     active                         local
otus  feature@embedded_data          active                         local
otus  feature@bookmarks              enabled                        local
otus  feature@filesystem_limits      enabled                        local
otus  feature@large_blocks           enabled                        local
otus  feature@large_dnode            enabled                        local
otus  feature@sha512                 enabled                        local
otus  feature@skein                  enabled                        local
otus  feature@edonr                  enabled                        local
otus  feature@userobj_accounting     active                         local
otus  feature@encryption             enabled                        local
otus  feature@project_quota          active                         local
otus  feature@device_removal         enabled                        local
otus  feature@obsolete_counts        enabled                        local
otus  feature@zpool_checkpoint       enabled                        local
otus  feature@spacemap_v2            active                         local
otus  feature@allocation_classes     enabled                        local
otus  feature@resilver_defer         enabled                        local
otus  feature@bookmark_v2            enabled                        local
otus  feature@redaction_bookmarks    disabled                       local
otus  feature@redacted_datasets      disabled                       local
otus  feature@bookmark_written       disabled                       local
otus  feature@log_spacemap           disabled                       local
otus  feature@livelist               disabled                       local
otus  feature@device_rebuild         disabled                       local
otus  feature@zstd_compress          disabled                       local
[root@server ~]# zfs get all otus
NAME  PROPERTY              VALUE                  SOURCE
otus  type                  filesystem             -
otus  creation              Fri May 15  4:00 2020  -
otus  used                  2.04M                  -
otus  available             350M                   -
otus  referenced            24K                    -
otus  compressratio         1.00x                  -
otus  mounted               yes                    -
otus  quota                 none                   default
otus  reservation           none                   default
otus  recordsize            128K                   local
otus  mountpoint            /otus                  default
otus  sharenfs              off                    default
otus  checksum              sha256                 local
otus  compression           zle                    local
otus  atime                 on                     default
otus  devices               on                     default
otus  exec                  on                     default
otus  setuid                on                     default
otus  readonly              off                    default
otus  zoned                 off                    default
otus  snapdir               hidden                 default
otus  aclmode               discard                default
otus  aclinherit            restricted             default
otus  createtxg             1                      -
otus  canmount              on                     default
otus  xattr                 on                     default
otus  copies                1                      default
otus  version               5                      -
otus  utf8only              off                    -
otus  normalization         none                   -
otus  casesensitivity       sensitive              -
otus  vscan                 off                    default
otus  nbmand                off                    default
otus  sharesmb              off                    default
otus  refquota              none                   default
otus  refreservation        none                   default
otus  guid                  14592242904030363272   -
otus  primarycache          all                    default
otus  secondarycache        all                    default
otus  usedbysnapshots       0B                     -
otus  usedbydataset         24K                    -
otus  usedbychildren        2.01M                  -
otus  usedbyrefreservation  0B                     -
otus  logbias               latency                default
otus  objsetid              54                     -
otus  dedup                 off                    default
otus  mlslabel              none                   default
otus  sync                  standard               default
otus  dnodesize             legacy                 default
otus  refcompressratio      1.00x                  -
otus  written               24K                    -
otus  logicalused           1020K                  -
otus  logicalreferenced     12K                    -
otus  volmode               default                default
otus  filesystem_limit      none                   default
otus  snapshot_limit        none                   default
otus  filesystem_count      none                   default
otus  snapshot_count        none                   default
otus  snapdev               hidden                 default
otus  acltype               off                    default
otus  context               none                   default
otus  fscontext             none                   default
otus  defcontext            none                   default
otus  rootcontext           none                   default
otus  relatime              off                    default
otus  redundant_metadata    all                    default
otus  overlay               on                     default
otus  encryption            off                    default
otus  keylocation           none                   default
otus  keyformat             none                   default
otus  pbkdf2iters           0                      default
otus  special_small_blocks  0                      default
[root@server ~]# zfs get available otus
NAME  PROPERTY   VALUE  SOURCE
otus  available  350M   -
[root@server ~]# zfs get readonly otus
NAME  PROPERTY  VALUE   SOURCE
otus  readonly  off     default
[root@server ~]# zfs get recordsize otus
NAME  PROPERTY    VALUE    SOURCE
otus  recordsize  128K     local
[root@server ~]# zfs get compression otus
NAME  PROPERTY     VALUE           SOURCE
otus  compression  zle             local
[root@server ~]# zfs get checksum otus
NAME  PROPERTY  VALUE      SOURCE
otus  checksum  sha256     local
